// Jest Snapshot v1, https://goo.gl/fbAQLP

exports[`Given I am connected as an employee When I am on NewBill Page Then i should see the complete form  1`] = `
<form
  data-testid="form-new-bill"
>
  
            
  <div
    class="row"
  >
    
                
    <div
      class="col-md-6"
    >
      
                  
      <div
        class="col-half"
      >
        
                    
        <label
          class="bold-label"
          for="expense-type"
        >
          Type de dépense
        </label>
        
                      
        <select
          class="form-control blue-border"
          data-testid="expense-type"
          required=""
        >
          
                        
          <option>
            Transports
          </option>
          
                        
          <option>
            Restaurants et bars
          </option>
          
                        
          <option>
            Hôtel et logement
          </option>
          
                        
          <option>
            Services en ligne
          </option>
          
                        
          <option>
            IT et électronique
          </option>
          
                        
          <option>
            Equipement et matériel
          </option>
          
                        
          <option>
            Fournitures de bureau
          </option>
          
                      
        </select>
        
                  
      </div>
      
                  
      <div
        class="col-half"
      >
        
                    
        <label
          class="bold-label"
          for="expense-name"
        >
          Nom de la dépense
        </label>
        
                    
        <input
          class="form-control blue-border"
          data-testid="expense-name"
          placeholder="Vol Paris Londres"
          type="text"
        />
        
                  
      </div>
      
                  
      <div
        class="col-half"
      >
        
                    
        <label
          class="bold-label"
          for="datepicker"
        >
          Date
        </label>
        
                    
        <input
          class="form-control blue-border"
          data-testid="datepicker"
          required=""
          type="date"
        />
        
                  
      </div>
      
                  
      <div
        class="col-half"
      >
        
                    
        <label
          class="bold-label"
          for="amount"
        >
          Montant TTC 
        </label>
        
                    
        <input
          class="form-control blue-border input-icon input-icon-right"
          data-testid="amount"
          placeholder="348"
          required=""
          type="number"
        />
        
                  
      </div>
      
                  
      <div
        class="col-half-row"
      >
        
                    
        <div
          class="flex-col"
        >
           
                      
          <label
            class="bold-label"
            for="vat"
          >
            TVA
          </label>
          
                      
          <input
            class="form-control blue-border"
            data-testid="vat"
            placeholder="70"
            type="number"
          />
          
                    
        </div>
        
                    
        <div
          class="flex-col"
        >
          
                      
          <label
            class="white-text"
            for="pct"
          >
            %
          </label>
          
                      
          <input
            class="form-control blue-border"
            data-testid="pct"
            placeholder="20"
            required=""
            type="number"
          />
          
                    
        </div>
        
                  
      </div>
      
                
    </div>
    
                
    <div
      class="col-md-6"
    >
      
                  
      <div
        class="col-half"
      >
        
                    
        <label
          class="bold-label"
          for="commentary"
        >
          Commentaire
        </label>
        
                    
        <textarea
          class="form-control blue-border"
          data-testid="commentary"
          rows="3"
        />
        
                  
      </div>
      
                  
      <div
        class="col-half"
      >
        
                    
        <label
          class="bold-label"
          for="file"
        >
          Justificatif
        </label>
        
                    
        <input
          class="form-control blue-border"
          data-testid="file"
          required=""
          type="file"
        />
        
                  
      </div>
      
                
    </div>
    
            
  </div>
  
            
  <div
    class="row"
  >
    
              
    <div
      class="col-md-6"
    >
      
                
      <div
        class="col-half"
      >
        
                  
        <button
          class="btn btn-primary"
          id="btn-send-bill"
          type="submit"
        >
          Envoyer
        </button>
        
                
      </div>
      
              
    </div>
    
            
  </div>
  
          
</form>
`;
